2025-08-18 10:35:09,481 - XSimGCL - INFO - ### model configuration ###
2025-08-18 10:35:09,481 - XSimGCL - INFO - training.set=./dataset/mytest/train.txt
2025-08-18 10:35:09,481 - XSimGCL - INFO - test.set=./dataset/mytest/test.txt
2025-08-18 10:35:09,481 - XSimGCL - INFO - model={'name': 'XSimGCL', 'type': 'graph'}
2025-08-18 10:35:09,481 - XSimGCL - INFO - item.ranking.topN=[10, 20]
2025-08-18 10:35:09,481 - XSimGCL - INFO - embedding.size=64
2025-08-18 10:35:09,481 - XSimGCL - INFO - max.epoch=20
2025-08-18 10:35:09,481 - XSimGCL - INFO - batch.size=2048
2025-08-18 10:35:09,481 - XSimGCL - INFO - learning.rate=0.001
2025-08-18 10:35:09,481 - XSimGCL - INFO - reg.lambda=0.0001
2025-08-18 10:35:09,481 - XSimGCL - INFO - XSimGCL={'n_layer': 2, 'l_star': 1, 'lambda': 0.2, 'eps': 0.2, 'tau': 0.15}
2025-08-18 10:35:09,481 - XSimGCL - INFO - output=./results/
2025-08-18 10:35:16,836 - XSimGCL - INFO - ###Evaluation Results###
2025-08-18 10:35:16,836 - XSimGCL - INFO - ['Top 10\n', 'Hit Ratio:0.04576\n', 'Precision:0.165\n', 'Recall:0.04669\n', 'NDCG:0.17071\n', 'Top 20\n', 'Hit Ratio:0.09706\n', 'Precision:0.175\n', 'Recall:0.09823\n', 'NDCG:0.17556\n']
2025-08-18 10:35:16,836 - XSimGCL - INFO - ### model configuration ###
2025-08-18 10:35:16,836 - XSimGCL - INFO - training.set=./dataset/mytest/train.txt
2025-08-18 10:35:16,836 - XSimGCL - INFO - test.set=./dataset/mytest/test.txt
2025-08-18 10:35:16,836 - XSimGCL - INFO - model={'name': 'XSimGCL', 'type': 'graph'}
2025-08-18 10:35:16,836 - XSimGCL - INFO - item.ranking.topN=[10, 20]
2025-08-18 10:35:16,836 - XSimGCL - INFO - embedding.size=64
2025-08-18 10:35:16,836 - XSimGCL - INFO - max.epoch=20
2025-08-18 10:35:16,836 - XSimGCL - INFO - batch.size=2048
2025-08-18 10:35:16,836 - XSimGCL - INFO - learning.rate=0.001
2025-08-18 10:35:16,836 - XSimGCL - INFO - reg.lambda=0.0001
2025-08-18 10:35:16,836 - XSimGCL - INFO - XSimGCL={'n_layer': 2, 'l_star': 1, 'lambda': 0.2, 'eps': 0.2, 'tau': 0.15}
2025-08-18 10:35:16,836 - XSimGCL - INFO - output=./results/
2025-08-18 10:35:21,176 - XSimGCL - INFO - ###Evaluation Results###
2025-08-18 10:35:21,177 - XSimGCL - INFO - ['Top 10\n', 'Hit Ratio:0.04576\n', 'Precision:0.165\n', 'Recall:0.04595\n', 'NDCG:0.17435\n', 'Top 20\n', 'Hit Ratio:0.10039\n', 'Precision:0.181\n', 'Recall:0.10153\n', 'NDCG:0.18257\n']
2025-08-18 10:35:21,177 - XSimGCL - INFO - ### model configuration ###
2025-08-18 10:35:21,177 - XSimGCL - INFO - training.set=./dataset/mytest/train.txt
2025-08-18 10:35:21,177 - XSimGCL - INFO - test.set=./dataset/mytest/test.txt
2025-08-18 10:35:21,177 - XSimGCL - INFO - model={'name': 'XSimGCL', 'type': 'graph'}
2025-08-18 10:35:21,177 - XSimGCL - INFO - item.ranking.topN=[10, 20]
2025-08-18 10:35:21,177 - XSimGCL - INFO - embedding.size=64
2025-08-18 10:35:21,177 - XSimGCL - INFO - max.epoch=20
2025-08-18 10:35:21,177 - XSimGCL - INFO - batch.size=2048
2025-08-18 10:35:21,177 - XSimGCL - INFO - learning.rate=0.001
2025-08-18 10:35:21,177 - XSimGCL - INFO - reg.lambda=0.0001
2025-08-18 10:35:21,177 - XSimGCL - INFO - XSimGCL={'n_layer': 2, 'l_star': 1, 'lambda': 0.2, 'eps': 0.2, 'tau': 0.15}
2025-08-18 10:35:21,177 - XSimGCL - INFO - output=./results/
