2025-08-18 10:30:32,891 - XSimGCL - INFO - ### model configuration ###
2025-08-18 10:30:32,891 - XSimGCL - INFO - training.set=./dataset/mytest/train.txt
2025-08-18 10:30:32,891 - XSimGCL - INFO - test.set=./dataset/mytest/test.txt
2025-08-18 10:30:32,891 - XSimGCL - INFO - model={'name': 'XSimGCL', 'type': 'graph'}
2025-08-18 10:30:32,891 - XSimGCL - INFO - item.ranking.topN=[10, 20]
2025-08-18 10:30:32,891 - XSimGCL - INFO - embedding.size=64
2025-08-18 10:30:32,891 - XSimGCL - INFO - max.epoch=20
2025-08-18 10:30:32,891 - XSimGCL - INFO - batch.size=2048
2025-08-18 10:30:32,891 - XSimGCL - INFO - learning.rate=0.001
2025-08-18 10:30:32,891 - XSimGCL - INFO - reg.lambda=0.0001
2025-08-18 10:30:32,891 - XSimGCL - INFO - XSimGCL={'n_layer': 2, 'l_star': 1, 'lambda': 0.2, 'eps': 0.2, 'tau': 0.15}
2025-08-18 10:30:32,891 - XSimGCL - INFO - output=./results/
2025-08-18 10:30:39,586 - XSimGCL - INFO - ###Evaluation Results###
2025-08-18 10:30:39,586 - XSimGCL - INFO - ['Top 10\n', 'Hit Ratio:0.05075\n', 'Precision:0.183\n', 'Recall:0.05216\n', 'NDCG:0.18819\n', 'Top 20\n', 'Hit Ratio:0.10039\n', 'Precision:0.181\n', 'Recall:0.10289\n', 'NDCG:0.18458\n']
2025-08-18 10:30:39,586 - XSimGCL - INFO - ### model configuration ###
2025-08-18 10:30:39,586 - XSimGCL - INFO - training.set=./dataset/mytest/train.txt
2025-08-18 10:30:39,586 - XSimGCL - INFO - test.set=./dataset/mytest/test.txt
2025-08-18 10:30:39,586 - XSimGCL - INFO - model={'name': 'XSimGCL', 'type': 'graph'}
2025-08-18 10:30:39,586 - XSimGCL - INFO - item.ranking.topN=[10, 20]
2025-08-18 10:30:39,586 - XSimGCL - INFO - embedding.size=64
2025-08-18 10:30:39,586 - XSimGCL - INFO - max.epoch=20
2025-08-18 10:30:39,586 - XSimGCL - INFO - batch.size=2048
2025-08-18 10:30:39,586 - XSimGCL - INFO - learning.rate=0.001
2025-08-18 10:30:39,586 - XSimGCL - INFO - reg.lambda=0.0001
2025-08-18 10:30:39,586 - XSimGCL - INFO - XSimGCL={'n_layer': 2, 'l_star': 1, 'lambda': 0.2, 'eps': 0.2, 'tau': 0.15}
2025-08-18 10:30:39,586 - XSimGCL - INFO - output=./results/
